#
# A fatal error has been detected by the Java Runtime Environment:
#
#  SIGSEGV (0xb) at pc=0x0000000000023b80, pid=272, tid=273
#
# JRE version: OpenJDK Runtime Environment Temurin-21.0.11+10 (21.0.11+10) (build 21.0.11+10-LTS)
# Java VM: OpenJDK 64-Bit Server VM Temurin-21.0.11+10 (21.0.11+10-LTS, mixed mode, sharing, tiered, compressed oops, compressed class ptrs, g1 gc, linux-aarch64)
# Problematic frame:
# C  [libnetty_tcnative_linux_aarch_64.so+0x2466c]  init_have_lse_atomics+0xc
#
# Core dump will be written. Default location: /w/core
#
# If you would like to submit a bug report, please visit:
#   https://github.com/adoptium/adoptium-support/issues
# The crash happened outside the Java Virtual Machine in native code.
# See problematic frame for where to report the bug.
#

---------------  S U M M A R Y ------------

Command Line: AlpineNativeLoadTest A libs/netty-tcnative-boringssl-static-2.0.73.Final-linux-aarch_64.jar tcnative/2.0.73.Final/aarch64/bare

Host: AArch64, 8 cores, 15G, Alpine Linux v3.23
Time: Wed Aug 12 03:48:08 2026 UTC elapsed time: 0.061785 seconds (0d 0h 0m 0s)

---------------  T H R E A D  ---------------

Current thread (0x0000e8c2215ac8a0):  JavaThread "main"             [_thread_in_native, id=273, stack(0x0000e8c21fed7000,0x0000e8c2200d5a80) (2042K)]

Stack: [0x0000e8c21fed7000,0x0000e8c2200d5a80],  sp=0x0000e8c2200d40d0,  free space=2036k
Native frames: (J=compiled Java code, j=interpreted, Vv=VM code, C=native code)
C  [libnetty_tcnative_linux_aarch_64.so+0x2466c]  init_have_lse_atomics+0xc
C  [ld-musl-aarch64.so.1+0x6b1cc]
C  [ld-musl-aarch64.so.1+0x6cedc]  dlopen+0xc4
V  [libjvm.so+0xbb9608]  os::Linux::dlopen_helper(char const*, char*, int)+0x38
V  [libjvm.so+0xbb9944]  os::dll_load(char const*, char*, int)+0x74
V  [libjvm.so+0x8f5c8c]  JVM_LoadLibrary+0x88
C  [libjava.so+0xf478]  Java_jdk_internal_loader_NativeLibraries_load+0x154
j  jdk.internal.loader.NativeLibraries.load(Ljdk/internal/loader/NativeLibraries$NativeLibraryImpl;Ljava/lang/String;ZZ)Z+0 java.base@21.0.11
j  jdk.internal.loader.NativeLibraries$NativeLibraryImpl.open()Z+57 java.base@21.0.11
j  jdk.internal.loader.NativeLibraries.loadLibrary(Ljava/lang/Class;Ljava/lang/String;Z)Ljdk/internal/loader/NativeLibrary;+254 java.base@21.0.11
j  jdk.internal.loader.NativeLibraries.loadLibrary(Ljava/lang/Class;Ljava/io/File;)Ljdk/internal/loader/NativeLibrary;+51 java.base@21.0.11
j  java.lang.ClassLoader.loadLibrary(Ljava/lang/Class;Ljava/io/File;)Ljdk/internal/loader/NativeLibrary;+31 java.base@21.0.11
j  java.lang.Runtime.load0(Ljava/lang/Class;Ljava/lang/String;)V+61 java.base@21.0.11
j  java.lang.System.load(Ljava/lang/String;)V+7 java.base@21.0.11
j  AlpineNativeLoadTest.levelA(Ljava/lang/String;Ljava/lang/String;)V+82
j  AlpineNativeLoadTest.main([Ljava/lang/String;)V+122
v  ~StubRoutines::call_stub 0x0000e8c20fb37154
V  [libjvm.so+0x82eca8]  JavaCalls::call_helper(JavaValue*, methodHandle const&, JavaCallArguments*, JavaThread*)+0x218
V  [libjvm.so+0x8c4600]  jni_invoke_static(JNIEnv_*, JavaValue*, _jobject*, JNICallType, _jmethodID*, JNI_ArgumentPusher*, JavaThread*) [clone .constprop.1]+0x220
V  [libjvm.so+0x8c61ec]  jni_CallStaticVoidMethod+0xdc
C  [libjli.so+0x9498]  JavaMain+0xe88
C  [libjli.so+0xbc7c]  ThreadJavaMain+0xc
C  [ld-musl-aarch64.so.1+0x6246c]
Java frames: (J=compiled Java code, j=interpreted, Vv=VM code)
j  jdk.internal.loader.NativeLibraries.load(Ljdk/internal/loader/NativeLibraries$NativeLibraryImpl;Ljava/lang/String;ZZ)Z+0 java.base@21.0.11
j  jdk.internal.loader.NativeLibraries$NativeLibraryImpl.open()Z+57 java.base@21.0.11
j  jdk.internal.loader.NativeLibraries.loadLibrary(Ljava/lang/Class;Ljava/lang/String;Z)Ljdk/internal/loader/NativeLibrary;+254 java.base@21.0.11
j  jdk.internal.loader.NativeLibraries.loadLibrary(Ljava/lang/Class;Ljava/io/File;)Ljdk/internal/loader/NativeLibrary;+51 java.base@21.0.11
j  java.lang.ClassLoader.loadLibrary(Ljava/lang/Class;Ljava/io/File;)Ljdk/internal/loader/NativeLibrary;+31 java.base@21.0.11
j  java.lang.Runtime.load0(Ljava/lang/Class;Ljava/lang/String;)V+61 java.base@21.0.11
j  java.lang.System.load(Ljava/lang/String;)V+7 java.base@21.0.11
j  AlpineNativeLoadTest.levelA(Ljava/lang/String;Ljava/lang/String;)V+82
j  AlpineNativeLoadTest.main([Ljava/lang/String;)V+122
v  ~StubRoutines::call_stub 0x0000e8c20fb37154

siginfo: si_signo: 11 (SIGSEGV), si_code: 1 (SEGV_MAPERR), si_addr: 0x0000000000023b80

Registers:
R0=0x0000000000000010
R1=0x0000e8c1f9e94ffc
R2=0x00000000ffffffa0
R3=0x000000000000030c
R4=0x000000000000003f
R5=0x0000b8fcf5b75838
R6=0x000000000000003e
R7=0x0000b8fcf5b75838
R8=0x0000000000012480
R9=0x0000000000001000
R10=0x0000000000012480
R11=0x000000000007ff80
R12=0x0000000000000001
R13=0x0000000000000fff
R14=0x0000000000000000
R15=0x0000000000000000
R16=0x0000e8c1fa224290
R17=0x0000000000023b80
R18=0x0000000000000000
R19=0x0000e8c1fff8ec90
R20=0x0000e8c2200d5a80
R21=0x0000e8c1fa211908
R22=0x0000e8c2215c0a80
R23=0x0000e8c2215c0000
R24=0x0000e8c1fa5798c0
R25=0x0000e8c2215c0000
R26=0x0000e8c1fa211908
R27=0x0000000000000012
R28=0x0000e8c1fff8f788
R29=0x0000e8c2200d40d0
R30=0x0000e8c1f9ffc670


Register to memory mapping:

R0 =0x0000000000000010 is an unknown value
R1 =0x0000e8c1f9e94ffc points into unknown readable memory: 00 00 00 00
R2 =0x00000000ffffffa0 is an unknown value
R3 =0x000000000000030c is an unknown value
R4 =0x000000000000003f is an unknown value
R5 =0x0000b8fcf5b75838 points into unknown readable memory: 0x0000b8fcf5b75838 | 38 58 b7 f5 fc b8 00 00
R6 =0x000000000000003e is an unknown value
R7 =0x0000b8fcf5b75838 points into unknown readable memory: 0x0000b8fcf5b75838 | 38 58 b7 f5 fc b8 00 00
R8 =0x0000000000012480 is an unknown value
R9 =0x0000000000001000 is an unknown value
R10=0x0000000000012480 is an unknown value
R11=0x000000000007ff80 is an unknown value
R12=0x0000000000000001 is an unknown value
R13=0x0000000000000fff is an unknown value
R14=0x0 is null
R15=0x0 is null
R16=0x0000e8c1fa224290: <offset 0x000000000024c290> in /tmp/nativelib1555359840490373191/libnetty_tcnative_linux_aarch_64.so at 0x0000e8c1f9fd8000
R17=0x0000000000023b80 is an unknown value
R18=0x0 is null
R19=0x0000e8c1fff8ec90 points into unknown readable memory: 0x0000e8c1f9fd8000 | 00 80 fd f9 c1 e8 00 00
R20=0x0000e8c2200d5a80 points into unknown readable memory: 0x0000e8c2200d5a80 | 80 5a 0d 20 c2 e8 00 00
R21=0x0000e8c1fa211908: <offset 0x0000000000239908> in /tmp/nativelib1555359840490373191/libnetty_tcnative_linux_aarch_64.so at 0x0000e8c1f9fd8000
R22=0x0000e8c2215c0a80: <offset 0x00000000000c2a80> in /lib/ld-musl-aarch64.so.1 at 0x0000e8c2214fe000
R23=0x0000e8c2215c0000: <offset 0x00000000000c2000> in /lib/ld-musl-aarch64.so.1 at 0x0000e8c2214fe000
R24=0x0000e8c1fa5798c0 points into unknown readable memory: 0x0000e8c1fff8ec90 | 90 ec f8 ff c1 e8 00 00
R25=0x0000e8c2215c0000: <offset 0x00000000000c2000> in /lib/ld-musl-aarch64.so.1 at 0x0000e8c2214fe000
R26=0x0000e8c1fa211908: <offset 0x0000000000239908> in /tmp/nativelib1555359840490373191/libnetty_tcnative_linux_aarch_64.so at 0x0000e8c1f9fd8000
R27=0x0000000000000012 is an unknown value
R28=0x0000e8c1fff8f788 points into unknown readable memory: 0x0000000000000000 | 00 00 00 00 00 00 00 00
R29=0x0000e8c2200d40d0 is pointing into the stack for thread: 0x0000e8c2215ac8a0
R30=0x0000e8c1f9ffc670: <offset 0x0000000000024670> in /tmp/nativelib1555359840490373191/libnetty_tcnative_linux_aarch_64.so at 0x0000e8c1f9fd8000

Top of Stack: (sp=0x0000e8c2200d40d0)
0x0000e8c2200d40d0:   0000e8c2200d40e0 0000e8c2215691cc   .@. ......V!....
0x0000e8c2200d40e0:   0000e8c2200d4260 0000e8c22156aedc   `B. ......V!....
0x0000e8c2200d40f0:   0000e8c1fff8f898 0000000000000012   ................
0x0000e8c2200d4100:   0000000000000005 0000e8c1fff8f788   ................
0x0000e8c2200d4110:   0000e8c2200d5a80 0000000000000002   .Z. ............
0x0000e8c2200d4120:   0000e8c1fff8f330 0000e8c1fff8f8a8   0...............
0x0000e8c2200d4130:   0000e8c2200d4190 000000001e907ffe   .A. ............
0x0000e8c2200d4140:   0000000000000752 0000000000000f18   R...............
0x0000e8c2200d4150:   000000000024bfe8 00000000000001c8   ..$.............
0x0000e8c2200d4160:   0000000000001700 00000000000006c8   ................
0x0000e8c2200d4170:   0000000000002080 0000000000020bc8   . ..............
0x0000e8c2200d4180:   0000000000000018 00000000000007a0   ................
0x0000e8c2200d4190:   0000000000000018 0000000000023b60   ........`;......
0x0000e8c2200d41a0:   00000000001753cc 000000000000075c   .S......\.......
0x0000e8c2200d41b0:   0000000000000000 0000000000000000   ................
0x0000e8c2200d41c0:   0000000000000000 0000000000000000   ................
0x0000e8c2200d41d0:   0000000000000000 0000000000000007   ................
0x0000e8c2200d41e0:   0000000000000000 0000000000000000   ................
0x0000e8c2200d41f0:   0000000000022c48 0000000000000000   H,..............
0x0000e8c2200d4200:   00000000002398f0 0000000000239908   ..#.......#.....
0x0000e8c2200d4210:   0000000000000018 0000000000000008   ................
0x0000e8c2200d4220:   0000000000000000 0000000000000000   ................
0x0000e8c2200d4230:   0000000000000000 0000000000000000   ................
0x0000e8c2200d4240:   0000000000000000 0000000000000000   ................
0x0000e8c2200d4250:   0000000000000000 0000000000000000   ................
0x0000e8c2200d4260:   0000e8c2200d44e0 0000e8c220ca1608   .D. ....... ....
0x0000e8c2200d4270:   0000e8c1fa2271b0 0000e8c1fa2271b0   .q"......q".....
0x0000e8c2200d4280:   0000e8c2200d4528 0000000000000400   (E. ............
0x0000e8c2200d4290:   0000e8c2200d4648 0000e8c2200d4648   HF. ....HF. ....
0x0000e8c2200d42a0:   0000000000000001 0000007000062a38   ........8*..p...
0x0000e8c2200d42b0:   0000000000000000 0000e8c2215ac8a0   ..........Z!....
0x0000e8c2200d42c0:   0000000000000000 0000000000000001   ................

Instructions: (pc=0x0000e8c1f9ffc66c)
0x0000e8c1f9ffc56c:   20 02 1f d6 50 11 00 90 11 76 42 f9 10 a2 13 91
0x0000e8c1f9ffc57c:   20 02 1f d6 50 11 00 90 11 7a 42 f9 10 c2 13 91
0x0000e8c1f9ffc58c:   20 02 1f d6 50 11 00 90 11 7e 42 f9 10 e2 13 91
0x0000e8c1f9ffc59c:   20 02 1f d6 e2 0f bf a9 22 11 00 f0 23 11 00 f0
0x0000e8c1f9ffc5ac:   42 ec 47 f9 63 a0 3f 91 40 00 1f d6 1f 20 03 d5
0x0000e8c1f9ffc5bc:   1f 20 03 d5 fd 7b bf a9 00 01 80 d2 fd 03 00 91
0x0000e8c1f9ffc5cc:   7d fe 04 94 23 11 00 f0 22 11 00 f0 21 11 00 f0
0x0000e8c1f9ffc5dc:   63 4c 47 f9 42 9c 47 f9 63 40 00 91 21 70 46 f9
0x0000e8c1f9ffc5ec:   03 00 00 f9 74 d8 04 94 1f 20 03 d5 1f 20 03 d5
0x0000e8c1f9ffc5fc:   1f 20 03 d5 fd 7b be a9 fd 03 00 91 f3 53 01 a9
0x0000e8c1f9ffc60c:   53 11 00 d0 73 a2 18 91 14 80 83 d2 34 00 a0 f2
0x0000e8c1f9ffc61c:   e0 03 14 aa 7f 7e 00 a9 7f 7e 01 a9 7f 7e 02 a9
0x0000e8c1f9ffc62c:   74 22 00 f9 2c fe ff 97 60 1e 00 f9 c0 00 00 b4
0x0000e8c1f9ffc63c:   14 7c 00 a9 60 1a 00 f9 f3 53 41 a9 fd 7b c2 a8
0x0000e8c1f9ffc64c:   c0 03 5f d6 7f 1a 00 f9 7f 22 00 f9 fb ff ff 17
0x0000e8c1f9ffc65c:   1f 20 03 d5 fd 7b bf a9 00 02 80 d2 fd 03 00 91
0x0000e8c1f9ffc66c:   95 fe ff 97 00 20 08 53 41 11 00 d0 fd 7b c1 a8
0x0000e8c1f9ffc67c:   20 40 24 39 c0 03 5f d6 20 11 00 f0 00 d0 46 f9
0x0000e8c1f9ffc68c:   40 00 00 b4 84 fe ff 17 c0 03 5f d6 1f 20 03 d5
0x0000e8c1f9ffc69c:   1f 20 03 d5 40 11 00 90 00 c0 2e 91 41 11 00 90
0x0000e8c1f9ffc6ac:   21 c0 2e 91 3f 00 00 eb c0 00 00 54 21 11 00 f0
0x0000e8c1f9ffc6bc:   21 2c 46 f9 61 00 00 b4 f0 03 01 aa 00 02 1f d6
0x0000e8c1f9ffc6cc:   c0 03 5f d6 40 11 00 90 00 c0 2e 91 41 11 00 90
0x0000e8c1f9ffc6dc:   21 c0 2e 91 21 00 00 cb 22 fc 7f d3 41 0c 81 8b
0x0000e8c1f9ffc6ec:   21 fc 41 93 c1 00 00 b4 22 11 00 f0 42 a0 47 f9
0x0000e8c1f9ffc6fc:   62 00 00 b4 f0 03 02 aa 00 02 1f d6 c0 03 5f d6
0x0000e8c1f9ffc70c:   1f 20 03 d5 fd 7b be a9 fd 03 00 91 f3 0b 00 f9
0x0000e8c1f9ffc71c:   53 11 00 90 60 c2 6e 39 40 01 00 35 20 11 00 f0
0x0000e8c1f9ffc72c:   00 44 46 f9 80 00 00 b4 40 11 00 90 00 88 42 f9
0x0000e8c1f9ffc73c:   8d fd ff 97 d8 ff ff 97 20 00 80 52 60 c2 2e 39
0x0000e8c1f9ffc74c:   f3 0b 40 f9 fd 7b c2 a8 c0 03 5f d6 1f 20 03 d5
0x0000e8c1f9ffc75c:   1f 20 03 d5 dc ff ff 17 1f 20 03 d5 1f 20 03 d5


Stack slot to memory mapping:

stack at sp + 0 slots: 0x0000e8c2200d40e0 is pointing into the stack for thread: 0x0000e8c2215ac8a0
stack at sp + 1 slots: 0x0000e8c2215691cc: <offset 0x000000000006b1cc> in /lib/ld-musl-aarch64.so.1 at 0x0000e8c2214fe000
stack at sp + 2 slots: 0x0000e8c2200d4260 is pointing into the stack for thread: 0x0000e8c2215ac8a0
stack at sp + 3 slots: 0x0000e8c22156aedc: dlopen+0x00000000000000c4 in /lib/ld-musl-aarch64.so.1 at 0x0000e8c2214fe000
stack at sp + 4 slots: 0x0000e8c1fff8f898 points into unknown readable memory: 0x0000000000000000 | 00 00 00 00 00 00 00 00
stack at sp + 5 slots: 0x0000000000000012 is an unknown value
stack at sp + 6 slots: 0x0000000000000005 is an unknown value
stack at sp + 7 slots: 0x0000e8c1fff8f788 points into unknown readable memory: 0x0000000000000000 | 00 00 00 00 00 00 00 00


---------------  P R O C E S S  ---------------

Threads class SMR info:
_java_thread_list=0x0000e8c1fa77e290, length=10, elements={
0x0000e8c2215ac8a0, 0x0000e8c1ffb667b0, 0x0000e8c1ffb53830, 0x0000e8c1ffb54030,
0x0000e8c1ffb55810, 0x0000e8c1ffb56010, 0x0000e8c1ffb56820, 0x0000e8c1ffb57020,
0x0000e8c1ffb5a000, 0x0000e8c1fa572010
}

Java Threads: ( => current thread )
=>0x0000e8c2215ac8a0 JavaThread "main"                              [_thread_in_native, id=273, stack(0x0000e8c21fed7000,0x0000e8c2200d5a80) (2042K)]
  0x0000e8c1ffb667b0 JavaThread "Reference Handler"          daemon [_thread_blocked, id=281, stack(0x0000e8c1ff40e000,0x0000e8c1ff60ca68) (2042K)]
  0x0000e8c1ffb53830 JavaThread "Finalizer"                  daemon [_thread_blocked, id=282, stack(0x0000e8c1ff20f000,0x0000e8c1ff40da68) (2042K)]
  0x0000e8c1ffb54030 JavaThread "Signal Dispatcher"          daemon [_thread_blocked, id=283, stack(0x0000e8c1ff010000,0x0000e8c1ff20ea68) (2042K)]
  0x0000e8c1ffb55810 JavaThread "Service Thread"             daemon [_thread_blocked, id=284, stack(0x0000e8c1fae01000,0x0000e8c1fafffa68) (2042K)]
  0x0000e8c1ffb56010 JavaThread "Monitor Deflation Thread"   daemon [_thread_blocked, id=285, stack(0x0000e8c1fac02000,0x0000e8c1fae00a68) (2042K)]
  0x0000e8c1ffb56820 JavaThread "C2 CompilerThread0"         daemon [_thread_blocked, id=286, stack(0x0000e8c1faa03000,0x0000e8c1fac01a68) (2042K)]
  0x0000e8c1ffb57020 JavaThread "C1 CompilerThread0"         daemon [_thread_blocked, id=287, stack(0x0000e8c1fa804000,0x0000e8c1faa02a68) (2042K)]
  0x0000e8c1ffb5a000 JavaThread "Notification Thread"        daemon [_thread_blocked, id=288, stack(0x0000e8c1fa57c000,0x0000e8c1fa77aa68) (2042K)]
  0x0000e8c1fa572010 JavaThread "Common-Cleaner"             daemon [_thread_blocked, id=289, stack(0x0000e8c1fa373000,0x0000e8c1fa571a68) (2042K)]
Total: 10

Other Threads:
  0x0000e8c1ffb73630 VMThread "VM Thread"                           [id=280, stack(0x0000e8c1ff60f000,0x0000e8c1ff80da68) (2042K)]
  0x0000e8c1ffb32670 WatcherThread "VM Periodic Task Thread"        [id=279, stack(0x0000e8c1ff810000,0x0000e8c1ffa0ea68) (2042K)]
  0x0000e8c2176abbb0 WorkerThread "GC Thread#0"                     [id=274, stack(0x0000e8c202c15000,0x0000e8c202e13a68) (2042K)]
  0x0000e8c217606020 ConcurrentGCThread "G1 Main Marker"            [id=275, stack(0x0000e8c202a14000,0x0000e8c202c12a68) (2042K)]
  0x0000e8c217606be0 WorkerThread "G1 Conc#0"                       [id=276, stack(0x0000e8c202813000,0x0000e8c202a11a68) (2042K)]
  0x0000e8c2176ac630 ConcurrentGCThread "G1 Refine#0"               [id=277, stack(0x0000e8c1ffd86000,0x0000e8c1fff84a68) (2042K)]
  0x0000e8c2176acb60 ConcurrentGCThread "G1 Service"                [id=278, stack(0x0000e8c1ffb85000,0x0000e8c1ffd83a68) (2042K)]
Total: 7

Threads with active compile tasks:
Total: 0

VM state: not at safepoint (normal execution)

VM Mutex/Monitor currently owned by a thread: None

Heap address: 0x0000000706a00000, size: 3990 MB, Compressed Oops mode: Zero based, Oop shift amount: 3

CDS archive(s) mapped at: [0x0000007000000000-0x0000007000cb0000-0x0000007000cb0000), size 13303808, SharedBaseAddress: 0x0000007000000000, ArchiveRelocationMode: 1.
Compressed class space mapped at: 0x0000007001000000-0x0000007041000000, reserved size: 1073741824
Narrow klass base: 0x0000007000000000, Narrow klass shift: 0, Narrow klass range: 0x100000000

GC Precious Log:
 CardTable entry size: 512
 Card Set container configuration: InlinePtr #cards 4 size 8 Array Of Cards #cards 16 size 48 Howl #buckets 8 coarsen threshold 3686 Howl Bitmap #cards 512 size 80 coarsen threshold 460 Card regions per heap region 1 cards per card region 4096
 CPUs: 8 total, 8 available
 Memory: 15958M
 Large Page Support: Disabled
 NUMA Support: Disabled
 Compressed Oops: Enabled (Zero based)
 Heap Region Size: 2M
 Heap Min Capacity: 8M
 Heap Initial Capacity: 250M
 Heap Max Capacity: 3990M
 Pre-touch: Disabled
 Parallel Workers: 8
 Concurrent Workers: 2
 Concurrent Refinement Workers: 8
 Periodic GC: Disabled

Heap:
 garbage-first heap   total 258048K, used 3121K [0x0000000706a00000, 0x0000000800000000)
  region size 2048K, 2 young (4096K), 0 survivors (0K)
 Metaspace       used 932K, committed 1088K, reserved 1114112K
  class space    used 93K, committed 192K, reserved 1048576K

Heap Regions: E=young(eden), S=young(survivor), O=old, HS=humongous(starts), HC=humongous(continues), CS=collection set, F=free, TAMS=top-at-mark-start, PB=parsable bottom
|   0|0x0000000706a00000, 0x0000000706a00000, 0x0000000706c00000|  0%| F|  |TAMS 0x0000000706a00000| PB 0x0000000706a00000| Untracked 
|   1|0x0000000706c00000, 0x0000000706c00000, 0x0000000706e00000|  0%| F|  |TAMS 0x0000000706c00000| PB 0x0000000706c00000| Untracked 
|   2|0x0000000706e00000, 0x0000000706e00000, 0x0000000707000000|  0%| F|  |TAMS 0x0000000706e00000| PB 0x0000000706e00000| Untracked 
|   3|0x0000000707000000, 0x0000000707000000, 0x0000000707200000|  0%| F|  |TAMS 0x0000000707000000| PB 0x0000000707000000| Untracked 
|   4|0x0000000707200000, 0x0000000707200000, 0x0000000707400000|  0%| F|  |TAMS 0x0000000707200000| PB 0x0000000707200000| Untracked 
|   5|0x0000000707400000, 0x0000000707400000, 0x0000000707600000|  0%| F|  |TAMS 0x0000000707400000| PB 0x0000000707400000| Untracked 
|   6|0x0000000707600000, 0x0000000707600000, 0x0000000707800000|  0%| F|  |TAMS 0x0000000707600000| PB 0x0000000707600000| Untracked 
|   7|0x0000000707800000, 0x0000000707800000, 0x0000000707a00000|  0%| F|  |TAMS 0x0000000707800000| PB 0x0000000707800000| Untracked 
|   8|0x0000000707a00000, 0x0000000707a00000, 0x0000000707c00000|  0%| F|  |TAMS 0x0000000707a00000| PB 0x0000000707a00000| Untracked 
|   9|0x0000000707c00000, 0x0000000707c00000, 0x0000000707e00000|  0%| F|  |TAMS 0x0000000707c00000| PB 0x0000000707c00000| Untracked 
|  10|0x0000000707e00000, 0x0000000707e00000, 0x0000000708000000|  0%| F|  |TAMS 0x0000000707e00000| PB 0x0000000707e00000| Untracked 
|  11|0x0000000708000000, 0x0000000708000000, 0x0000000708200000|  0%| F|  |TAMS 0x0000000708000000| PB 0x0000000708000000| Untracked 
|  12|0x0000000708200000, 0x0000000708200000, 0x0000000708400000|  0%| F|  |TAMS 0x0000000708200000| PB 0x0000000708200000| Untracked 
|  13|0x0000000708400000, 0x0000000708400000, 0x0000000708600000|  0%| F|  |TAMS 0x0000000708400000| PB 0x0000000708400000| Untracked 
|  14|0x0000000708600000, 0x0000000708600000, 0x0000000708800000|  0%| F|  |TAMS 0x0000000708600000| PB 0x0000000708600000| Untracked 
|  15|0x0000000708800000, 0x0000000708800000, 0x0000000708a00000|  0%| F|  |TAMS 0x0000000708800000| PB 0x0000000708800000| Untracked 
|  16|0x0000000708a00000, 0x0000000708a00000, 0x0000000708c00000|  0%| F|  |TAMS 0x0000000708a00000| PB 0x0000000708a00000| Untracked 
|  17|0x0000000708c00000, 0x0000000708c00000, 0x0000000708e00000|  0%| F|  |TAMS 0x0000000708c00000| PB 0x0000000708c00000| Untracked 
|  18|0x0000000708e00000, 0x0000000708e00000, 0x0000000709000000|  0%| F|  |TAMS 0x0000000708e00000| PB 0x0000000708e00000| Untracked 
|  19|0x0000000709000000, 0x0000000709000000, 0x0000000709200000|  0%| F|  |TAMS 0x0000000709000000| PB 0x0000000709000000| Untracked 
|  20|0x0000000709200000, 0x0000000709200000, 0x0000000709400000|  0%| F|  |TAMS 0x0000000709200000| PB 0x0000000709200000| Untracked 
|  21|0x0000000709400000, 0x0000000709400000, 0x0000000709600000|  0%| F|  |TAMS 0x0000000709400000| PB 0x0000000709400000| Untracked 
|  22|0x0000000709600000, 0x0000000709600000, 0x0000000709800000|  0%| F|  |TAMS 0x0000000709600000| PB 0x0000000709600000| Untracked 
|  23|0x0000000709800000, 0x0000000709800000, 0x0000000709a00000|  0%| F|  |TAMS 0x0000000709800000| PB 0x0000000709800000| Untracked 
|  24|0x0000000709a00000, 0x0000000709a00000, 0x0000000709c00000|  0%| F|  |TAMS 0x0000000709a00000| PB 0x0000000709a00000| Untracked 
|  25|0x0000000709c00000, 0x0000000709c00000, 0x0000000709e00000|  0%| F|  |TAMS 0x0000000709c00000| PB 0x0000000709c00000| Untracked 
|  26|0x0000000709e00000, 0x0000000709e00000, 0x000000070a000000|  0%| F|  |TAMS 0x0000000709e00000| PB 0x0000000709e00000| Untracked 
|  27|0x000000070a000000, 0x000000070a000000, 0x000000070a200000|  0%| F|  |TAMS 0x000000070a000000| PB 0x000000070a000000| Untracked 
|  28|0x000000070a200000, 0x000000070a200000, 0x000000070a400000|  0%| F|  |TAMS 0x000000070a200000| PB 0x000000070a200000| Untracked 
|  29|0x000000070a400000, 0x000000070a400000, 0x000000070a600000|  0%| F|  |TAMS 0x000000070a400000| PB 0x000000070a400000| Untracked 
|  30|0x000000070a600000, 0x000000070a600000, 0x000000070a800000|  0%| F|  |TAMS 0x000000070a600000| PB 0x000000070a600000| Untracked 
|  31|0x000000070a800000, 0x000000070a800000, 0x000000070aa00000|  0%| F|  |TAMS 0x000000070a800000| PB 0x000000070a800000| Untracked 
|  32|0x000000070aa00000, 0x000000070aa00000, 0x000000070ac00000|  0%| F|  |TAMS 0x000000070aa00000| PB 0x000000070aa00000| Untracked 
|  33|0x000000070ac00000, 0x000000070ac00000, 0x000000070ae00000|  0%| F|  |TAMS 0x000000070ac00000| PB 0x000000070ac00000| Untracked 
|  34|0x000000070ae00000, 0x000000070ae00000, 0x000000070b000000|  0%| F|  |TAMS 0x000000070ae00000| PB 0x000000070ae00000| Untracked 
|  35|0x000000070b000000, 0x000000070b000000, 0x000000070b200000|  0%| F|  |TAMS 0x000000070b000000| PB 0x000000070b000000| Untracked 
|  36|0x000000070b200000, 0x000000070b200000, 0x000000070b400000|  0%| F|  |TAMS 0x000000070b200000| PB 0x000000070b200000| Untracked 
|  37|0x000000070b400000, 0x000000070b400000, 0x000000070b600000|  0%| F|  |TAMS 0x000000070b400000| PB 0x000000070b400000| Untracked 
|  38|0x000000070b600000, 0x000000070b600000, 0x000000070b800000|  0%| F|  |TAMS 0x000000070b600000| PB 0x000000070b600000| Untracked 
|  39|0x000000070b800000, 0x000000070b800000, 0x000000070ba00000|  0%| F|  |TAMS 0x000000070b800000| PB 0x000000070b800000| Untracked 
|  40|0x000000070ba00000, 0x000000070ba00000, 0x000000070bc00000|  0%| F|  |TAMS 0x000000070ba00000| PB 0x000000070ba00000| Untracked 
|  41|0x000000070bc00000, 0x000000070bc00000, 0x000000070be00000|  0%| F|  |TAMS 0x000000070bc00000| PB 0x000000070bc00000| Untracked 
|  42|0x000000070be00000, 0x000000070be00000, 0x000000070c000000|  0%| F|  |TAMS 0x000000070be00000| PB 0x000000070be00000| Untracked 
|  43|0x000000070c000000, 0x000000070c000000, 0x000000070c200000|  0%| F|  |TAMS 0x000000070c000000| PB 0x000000070c000000| Untracked 
|  44|0x000000070c200000, 0x000000070c200000, 0x000000070c400000|  0%| F|  |TAMS 0x000000070c200000| PB 0x000000070c200000| Untracked 
|  45|0x000000070c400000, 0x000000070c400000, 0x000000070c600000|  0%| F|  |TAMS 0x000000070c400000| PB 0x000000070c400000| Untracked 
|  46|0x000000070c600000, 0x000000070c600000, 0x000000070c800000|  0%| F|  |TAMS 0x000000070c600000| PB 0x000000070c600000| Untracked 
|  47|0x000000070c800000, 0x000000070c800000, 0x000000070ca00000|  0%| F|  |TAMS 0x000000070c800000| PB 0x000000070c800000| Untracked 
|  48|0x000000070ca00000, 0x000000070ca00000, 0x000000070cc00000|  0%| F|  |TAMS 0x000000070ca00000| PB 0x000000070ca00000| Untracked 
|  49|0x000000070cc00000, 0x000000070cc00000, 0x000000070ce00000|  0%| F|  |TAMS 0x000000070cc00000| PB 0x000000070cc00000| Untracked 
|  50|0x000000070ce00000, 0x000000070ce00000, 0x000000070d000000|  0%| F|  |TAMS 0x000000070ce00000| PB 0x000000070ce00000| Untracked 
|  51|0x000000070d000000, 0x000000070d000000, 0x000000070d200000|  0%| F|  |TAMS 0x000000070d000000| PB 0x000000070d000000| Untracked 
|  52|0x000000070d200000, 0x000000070d200000, 0x000000070d400000|  0%| F|  |TAMS 0x000000070d200000| PB 0x000000070d200000| Untracked 
|  53|0x000000070d400000, 0x000000070d400000, 0x000000070d600000|  0%| F|  |TAMS 0x000000070d400000| PB 0x000000070d400000| Untracked 
|  54|0x000000070d600000, 0x000000070d600000, 0x000000070d800000|  0%| F|  |TAMS 0x000000070d600000| PB 0x000000070d600000| Untracked 
|  55|0x000000070d800000, 0x000000070d800000, 0x000000070da00000|  0%| F|  |TAMS 0x000000070d800000| PB 0x000000070d800000| Untracked 
|  56|0x000000070da00000, 0x000000070da00000, 0x000000070dc00000|  0%| F|  |TAMS 0x000000070da00000| PB 0x000000070da00000| Untracked 
|  57|0x000000070dc00000, 0x000000070dc00000, 0x000000070de00000|  0%| F|  |TAMS 0x000000070dc00000| PB 0x000000070dc00000| Untracked 
|  58|0x000000070de00000, 0x000000070de00000, 0x000000070e000000|  0%| F|  |TAMS 0x000000070de00000| PB 0x000000070de00000| Untracked 
|  59|0x000000070e000000, 0x000000070e000000, 0x000000070e200000|  0%| F|  |TAMS 0x000000070e000000| PB 0x000000070e000000| Untracked 
|  60|0x000000070e200000, 0x000000070e200000, 0x000000070e400000|  0%| F|  |TAMS 0x000000070e200000| PB 0x000000070e200000| Untracked 
|  61|0x000000070e400000, 0x000000070e400000, 0x000000070e600000|  0%| F|  |TAMS 0x000000070e400000| PB 0x000000070e400000| Untracked 
|  62|0x000000070e600000, 0x000000070e600000, 0x000000070e800000|  0%| F|  |TAMS 0x000000070e600000| PB 0x000000070e600000| Untracked 
|  63|0x000000070e800000, 0x000000070e800000, 0x000000070ea00000|  0%| F|  |TAMS 0x000000070e800000| PB 0x000000070e800000| Untracked 
|  64|0x000000070ea00000, 0x000000070ea00000, 0x000000070ec00000|  0%| F|  |TAMS 0x000000070ea00000| PB 0x000000070ea00000| Untracked 
|  65|0x000000070ec00000, 0x000000070ec00000, 0x000000070ee00000|  0%| F|  |TAMS 0x000000070ec00000| PB 0x000000070ec00000| Untracked 
|  66|0x000000070ee00000, 0x000000070ee00000, 0x000000070f000000|  0%| F|  |TAMS 0x000000070ee00000| PB 0x000000070ee00000| Untracked 
|  67|0x000000070f000000, 0x000000070f000000, 0x000000070f200000|  0%| F|  |TAMS 0x000000070f000000| PB 0x000000070f000000| Untracked 
|  68|0x000000070f200000, 0x000000070f200000, 0x000000070f400000|  0%| F|  |TAMS 0x000000070f200000| PB 0x000000070f200000| Untracked 
|  69|0x000000070f400000, 0x000000070f400000, 0x000000070f600000|  0%| F|  |TAMS 0x000000070f400000| PB 0x000000070f400000| Untracked 
|  70|0x000000070f600000, 0x000000070f600000, 0x000000070f800000|  0%| F|  |TAMS 0x000000070f600000| PB 0x000000070f600000| Untracked 
|  71|0x000000070f800000, 0x000000070f800000, 0x000000070fa00000|  0%| F|  |TAMS 0x000000070f800000| PB 0x000000070f800000| Untracked 
|  72|0x000000070fa00000, 0x000000070fa00000, 0x000000070fc00000|  0%| F|  |TAMS 0x000000070fa00000| PB 0x000000070fa00000| Untracked 
|  73|0x000000070fc00000, 0x000000070fc00000, 0x000000070fe00000|  0%| F|  |TAMS 0x000000070fc00000| PB 0x000000070fc00000| Untracked 
|  74|0x000000070fe00000, 0x000000070fe00000, 0x0000000710000000|  0%| F|  |TAMS 0x000000070fe00000| PB 0x000000070fe00000| Untracked 
|  75|0x0000000710000000, 0x0000000710000000, 0x0000000710200000|  0%| F|  |TAMS 0x0000000710000000| PB 0x0000000710000000| Untracked 
|  76|0x0000000710200000, 0x0000000710200000, 0x0000000710400000|  0%| F|  |TAMS 0x0000000710200000| PB 0x0000000710200000| Untracked 
|  77|0x0000000710400000, 0x0000000710400000, 0x0000000710600000|  0%| F|  |TAMS 0x0000000710400000| PB 0x0000000710400000| Untracked 
|  78|0x0000000710600000, 0x0000000710600000, 0x0000000710800000|  0%| F|  |TAMS 0x0000000710600000| PB 0x0000000710600000| Untracked 
|  79|0x0000000710800000, 0x0000000710800000, 0x0000000710a00000|  0%| F|  |TAMS 0x0000000710800000| PB 0x0000000710800000| Untracked 
|  80|0x0000000710a00000, 0x0000000710a00000, 0x0000000710c00000|  0%| F|  |TAMS 0x0000000710a00000| PB 0x0000000710a00000| Untracked 
|  81|0x0000000710c00000, 0x0000000710c00000, 0x0000000710e00000|  0%| F|  |TAMS 0x0000000710c00000| PB 0x0000000710c00000| Untracked 
|  82|0x0000000710e00000, 0x0000000710e00000, 0x0000000711000000|  0%| F|  |TAMS 0x0000000710e00000| PB 0x0000000710e00000| Untracked 
|  83|0x0000000711000000, 0x0000000711000000, 0x0000000711200000|  0%| F|  |TAMS 0x0000000711000000| PB 0x0000000711000000| Untracked 
|  84|0x0000000711200000, 0x0000000711200000, 0x0000000711400000|  0%| F|  |TAMS 0x0000000711200000| PB 0x0000000711200000| Untracked 
|  85|0x0000000711400000, 0x0000000711400000, 0x0000000711600000|  0%| F|  |TAMS 0x0000000711400000| PB 0x0000000711400000| Untracked 
|  86|0x0000000711600000, 0x0000000711600000, 0x0000000711800000|  0%| F|  |TAMS 0x0000000711600000| PB 0x0000000711600000| Untracked 
|  87|0x0000000711800000, 0x0000000711800000, 0x0000000711a00000|  0%| F|  |TAMS 0x0000000711800000| PB 0x0000000711800000| Untracked 
|  88|0x0000000711a00000, 0x0000000711a00000, 0x0000000711c00000|  0%| F|  |TAMS 0x0000000711a00000| PB 0x0000000711a00000| Untracked 
|  89|0x0000000711c00000, 0x0000000711c00000, 0x0000000711e00000|  0%| F|  |TAMS 0x0000000711c00000| PB 0x0000000711c00000| Untracked 
|  90|0x0000000711e00000, 0x0000000711e00000, 0x0000000712000000|  0%| F|  |TAMS 0x0000000711e00000| PB 0x0000000711e00000| Untracked 
|  91|0x0000000712000000, 0x0000000712000000, 0x0000000712200000|  0%| F|  |TAMS 0x0000000712000000| PB 0x0000000712000000| Untracked 
|  92|0x0000000712200000, 0x0000000712200000, 0x0000000712400000|  0%| F|  |TAMS 0x0000000712200000| PB 0x0000000712200000| Untracked 
|  93|0x0000000712400000, 0x0000000712400000, 0x0000000712600000|  0%| F|  |TAMS 0x0000000712400000| PB 0x0000000712400000| Untracked 
|  94|0x0000000712600000, 0x0000000712600000, 0x0000000712800000|  0%| F|  |TAMS 0x0000000712600000| PB 0x0000000712600000| Untracked 
|  95|0x0000000712800000, 0x0000000712800000, 0x0000000712a00000|  0%| F|  |TAMS 0x0000000712800000| PB 0x0000000712800000| Untracked 
|  96|0x0000000712a00000, 0x0000000712a00000, 0x0000000712c00000|  0%| F|  |TAMS 0x0000000712a00000| PB 0x0000000712a00000| Untracked 
|  97|0x0000000712c00000, 0x0000000712c00000, 0x0000000712e00000|  0%| F|  |TAMS 0x0000000712c00000| PB 0x0000000712c00000| Untracked 
|  98|0x0000000712e00000, 0x0000000712e00000, 0x0000000713000000|  0%| F|  |TAMS 0x0000000712e00000| PB 0x0000000712e00000| Untracked 
|  99|0x0000000713000000, 0x0000000713000000, 0x0000000713200000|  0%| F|  |TAMS 0x0000000713000000| PB 0x0000000713000000| Untracked 
| 100|0x0000000713200000, 0x0000000713200000, 0x0000000713400000|  0%| F|  |TAMS 0x0000000713200000| PB 0x0000000713200000| Untracked 
| 101|0x0000000713400000, 0x0000000713400000, 0x0000000713600000|  0%| F|  |TAMS 0x0000000713400000| PB 0x0000000713400000| Untracked 
| 102|0x0000000713600000, 0x0000000713600000, 0x0000000713800000|  0%| F|  |TAMS 0x0000000713600000| PB 0x0000000713600000| Untracked 
| 103|0x0000000713800000, 0x0000000713800000, 0x0000000713a00000|  0%| F|  |TAMS 0x0000000713800000| PB 0x0000000713800000| Untracked 
| 104|0x0000000713a00000, 0x0000000713a00000, 0x0000000713c00000|  0%| F|  |TAMS 0x0000000713a00000| PB 0x0000000713a00000| Untracked 
| 105|0x0000000713c00000, 0x0000000713c00000, 0x0000000713e00000|  0%| F|  |TAMS 0x0000000713c00000| PB 0x0000000713c00000| Untracked 
| 106|0x0000000713e00000, 0x0000000713e00000, 0x0000000714000000|  0%| F|  |TAMS 0x0000000713e00000| PB 0x0000000713e00000| Untracked 
| 107|0x0000000714000000, 0x0000000714000000, 0x0000000714200000|  0%| F|  |TAMS 0x0000000714000000| PB 0x0000000714000000| Untracked 
| 108|0x0000000714200000, 0x0000000714200000, 0x0000000714400000|  0%| F|  |TAMS 0x0000000714200000| PB 0x0000000714200000| Untracked 
| 109|0x0000000714400000, 0x0000000714400000, 0x0000000714600000|  0%| F|  |TAMS 0x0000000714400000| PB 0x0000000714400000| Untracked 
| 110|0x0000000714600000, 0x0000000714600000, 0x0000000714800000|  0%| F|  |TAMS 0x0000000714600000| PB 0x0000000714600000| Untracked 
| 111|0x0000000714800000, 0x0000000714800000, 0x0000000714a00000|  0%| F|  |TAMS 0x0000000714800000| PB 0x0000000714800000| Untracked 
| 112|0x0000000714a00000, 0x0000000714a00000, 0x0000000714c00000|  0%| F|  |TAMS 0x0000000714a00000| PB 0x0000000714a00000| Untracked 
| 113|0x0000000714c00000, 0x0000000714c00000, 0x0000000714e00000|  0%| F|  |TAMS 0x0000000714c00000| PB 0x0000000714c00000| Untracked 
| 114|0x0000000714e00000, 0x0000000714e00000, 0x0000000715000000|  0%| F|  |TAMS 0x0000000714e00000| PB 0x0000000714e00000| Untracked 
| 115|0x0000000715000000, 0x0000000715000000, 0x0000000715200000|  0%| F|  |TAMS 0x0000000715000000| PB 0x0000000715000000| Untracked 
| 116|0x0000000715200000, 0x0000000715200000, 0x0000000715400000|  0%| F|  |TAMS 0x0000000715200000| PB 0x0000000715200000| Untracked 
| 117|0x0000000715400000, 0x0000000715400000, 0x0000000715600000|  0%| F|  |TAMS 0x0000000715400000| PB 0x0000000715400000| Untracked 
| 118|0x0000000715600000, 0x0000000715600000, 0x0000000715800000|  0%| F|  |TAMS 0x0000000715600000| PB 0x0000000715600000| Untracked 
| 119|0x0000000715800000, 0x0000000715800000, 0x0000000715a00000|  0%| F|  |TAMS 0x0000000715800000| PB 0x0000000715800000| Untracked 
| 120|0x0000000715a00000, 0x0000000715a00000, 0x0000000715c00000|  0%| F|  |TAMS 0x0000000715a00000| PB 0x0000000715a00000| Untracked 
| 121|0x0000000715c00000, 0x0000000715c00000, 0x0000000715e00000|  0%| F|  |TAMS 0x0000000715c00000| PB 0x0000000715c00000| Untracked 
| 122|0x0000000715e00000, 0x0000000715e00000, 0x0000000716000000|  0%| F|  |TAMS 0x0000000715e00000| PB 0x0000000715e00000| Untracked 
| 123|0x0000000716000000, 0x0000000716070a50, 0x0000000716200000| 22%| E|  |TAMS 0x0000000716000000| PB 0x0000000716000000| Complete 
| 124|0x0000000716200000, 0x0000000716400000, 0x0000000716400000|100%| E|CS|TAMS 0x0000000716200000| PB 0x0000000716200000| Complete 
|1994|0x00000007ffe00000, 0x00000007fff0c550, 0x0000000800000000| 52%| O|  |TAMS 0x00000007ffe00000| PB 0x00000007ffe00000| Untracked 

Card table byte_map: [0x0000e8c206c8c000,0x0000e8c207457000] _byte_map_base: 0x0000e8c203457000

Marking Bits: (CMBitMap*) 0x0000e8c2177063d0
 Bits: [0x0000e8c202e34000, 0x0000e8c206c8c000)

Polling page: 0x0000e8c2215b7000

Metaspace:

Usage:
  Non-class:    838.56 KB used.
      Class:     93.94 KB used.
       Both:    932.50 KB used.

Virtual space:
  Non-class space:       64.00 MB reserved,     896.00 KB (  1%) committed,  1 nodes.
      Class space:        1.00 GB reserved,     192.00 KB ( <1%) committed,  1 nodes.
             Both:        1.06 GB reserved,       1.06 MB ( <1%) committed. 

Chunk freelists:
   Non-Class:  11.98 MB
       Class:  15.74 MB
        Both:  27.72 MB

MaxMetaspaceSize: unlimited
CompressedClassSpaceSize: 1.00 GB
Initial GC threshold: 21.00 MB
Current GC threshold: 21.00 MB
CDS: on
 - commit_granule_bytes: 65536.
 - commit_granule_words: 8192.
 - virtual_space_node_default_size: 8388608.
 - enlarge_chunks_in_place: 1.
 - use_allocation_guard: 0.


Internal statistics:

num_allocs_failed_limit: 0.
num_arena_births: 12.
num_arena_deaths: 0.
num_vsnodes_births: 2.
num_vsnodes_deaths: 0.
num_space_committed: 17.
num_space_uncommitted: 0.
num_chunks_returned_to_freelist: 0.
num_chunks_taken_from_freelist: 14.
num_chunk_merges: 0.
num_chunk_splits: 10.
num_chunks_enlarged: 5.
num_inconsistent_stats: 0.

CodeHeap 'non-profiled nmethods': size=120028Kb used=54Kb max_used=54Kb free=119973Kb
 bounds [0x0000e8c2100c9000, 0x0000e8c210339000, 0x0000e8c217600000]
CodeHeap 'profiled nmethods': size=120028Kb used=177Kb max_used=177Kb free=119850Kb
 bounds [0x0000e8c208600000, 0x0000e8c208870000, 0x0000e8c20fb37000]
CodeHeap 'non-nmethods': size=5704Kb used=1264Kb max_used=1277Kb free=4439Kb
 bounds [0x0000e8c20fb37000, 0x0000e8c20fda7000, 0x0000e8c2100c9000]
CodeCache: size=245760Kb, used=1495Kb, max_used=1508Kb, free=244262Kb
 total_blobs=570, nmethods=155, adapters=324, full_count=0
Compilation: enabled, stopped_count=0, restarted_count=0

Compilation events (20 events):
Event: 0.050 Thread 0x0000e8c1ffb57020  147       3       java.lang.ThreadLocal::get (35 bytes)
Event: 0.050 Thread 0x0000e8c1ffb57020 nmethod 147 0x0000e8c208629c90 code [0x0000e8c208629e80, 0x0000e8c20862a1f0]
Event: 0.050 Thread 0x0000e8c1ffb57020  146       3       java.nio.ByteBuffer::limit (8 bytes)
Event: 0.051 Thread 0x0000e8c1ffb57020 nmethod 146 0x0000e8c20862a390 code [0x0000e8c20862a540, 0x0000e8c20862a6c0]
Event: 0.051 Thread 0x0000e8c1ffb57020  148       3       java.lang.ThreadLocal$ThreadLocalMap::getEntry (42 bytes)
Event: 0.051 Thread 0x0000e8c1ffb57020 nmethod 148 0x0000e8c20862a790 code [0x0000e8c20862a980, 0x0000e8c20862adb8]
Event: 0.051 Thread 0x0000e8c1ffb57020  150       3       java.nio.MappedByteBuffer::position (8 bytes)
Event: 0.051 Thread 0x0000e8c1ffb57020 nmethod 150 0x0000e8c20862af90 code [0x0000e8c20862b140, 0x0000e8c20862b320]
Event: 0.051 Thread 0x0000e8c1ffb57020  149       1       java.util.zip.Inflater::hasPendingOutput (5 bytes)
Event: 0.051 Thread 0x0000e8c1ffb57020 nmethod 149 0x0000e8c2100d6490 code [0x0000e8c2100d6600, 0x0000e8c2100d66a8]
Event: 0.051 Thread 0x0000e8c1ffb57020  151       3       java.nio.channels.spi.AbstractInterruptibleChannel::isOpen (13 bytes)
Event: 0.051 Thread 0x0000e8c1ffb57020 nmethod 151 0x0000e8c20862b410 code [0x0000e8c20862b5c0, 0x0000e8c20862b738]
Event: 0.051 Thread 0x0000e8c1ffb57020  152       3       java.nio.MappedByteBuffer::position (6 bytes)
Event: 0.051 Thread 0x0000e8c1ffb57020 nmethod 152 0x0000e8c20862b810 code [0x0000e8c20862b9c0, 0x0000e8c20862bc00]
Event: 0.051 Thread 0x0000e8c1ffb57020  153       3       sun.nio.ch.Util::isBufferTooLarge (15 bytes)
Event: 0.051 Thread 0x0000e8c1ffb57020 nmethod 153 0x0000e8c20862bd10 code [0x0000e8c20862bec0, 0x0000e8c20862bff0]
Event: 0.051 Thread 0x0000e8c1ffb57020  154       3       java.nio.Buffer::remaining (20 bytes)
Event: 0.051 Thread 0x0000e8c1ffb57020 nmethod 154 0x0000e8c20862c090 code [0x0000e8c20862c240, 0x0000e8c20862c3d0]
Event: 0.053 Thread 0x0000e8c1ffb56820  155       4       java.lang.ref.Reference::reachabilityFence (1 bytes)
Event: 0.053 Thread 0x0000e8c1ffb56820 nmethod 155 0x0000e8c2100d6790 code [0x0000e8c2100d6900, 0x0000e8c2100d6968]

GC Heap History (0 events):
No events

Dll operation events (4 events):
Event: 0.001 Loaded shared library /opt/java/openjdk/lib/libjava.so
Event: 0.018 Loaded shared library /opt/java/openjdk/lib/libnio.so
Event: 0.038 Loaded shared library /opt/java/openjdk/lib/libzip.so
Event: 0.039 Loaded shared library /opt/java/openjdk/lib/libnet.so

Deoptimization events (0 events):
No events

Classes loaded (20 events):
Event: 0.039 Loading class java/nio/channels/spi/AbstractSelectableChannel
Event: 0.039 Loading class java/nio/channels/SelectableChannel
Event: 0.039 Loading class java/nio/channels/SelectableChannel done
Event: 0.039 Loading class java/nio/channels/spi/AbstractSelectableChannel done
Event: 0.039 Loading class java/nio/channels/SocketChannel done
Event: 0.039 Loading class sun/nio/ch/SocketChannelImpl done
Event: 0.039 Loading class sun/nio/ch/ChannelOutputStream
Event: 0.039 Loading class sun/nio/ch/ChannelOutputStream done
Event: 0.040 Loading class sun/nio/ch/NativeThread
Event: 0.040 Loading class sun/nio/ch/NativeThread done
Event: 0.040 Loading class sun/nio/ch/Util
Event: 0.040 Loading class sun/nio/ch/Util done
Event: 0.040 Loading class sun/nio/ch/Util$1
Event: 0.040 Loading class sun/nio/ch/Util$1 done
Event: 0.040 Loading class sun/nio/ch/Util$BufferCache
Event: 0.040 Loading class sun/nio/ch/Util$BufferCache done
Event: 0.040 Loading class java/nio/DirectByteBuffer$Deallocator
Event: 0.040 Loading class java/nio/DirectByteBuffer$Deallocator done
Event: 0.040 Loading class sun/nio/ch/IOStatus
Event: 0.040 Loading class sun/nio/ch/IOStatus done

Classes unloaded (0 events):
No events

Classes redefined (0 events):
No events

Internal exceptions (1 events):
Event: 0.038 Thread 0x0000e8c2215ac8a0 Exception <a 'sun/nio/fs/UnixException'{0x0000000716016728}> (0x0000000716016728) 
thrown [src/hotspot/share/prims/jni.cpp, line 520]

ZGC Phase Switch (0 events):
No events

VM Operations (0 events):
No events

Memory protections (10 events):
Event: 0.001 Protecting memory [0x0000e8c21fed7000,0x0000e8c21fedb000] with protection modes 0
Event: 0.013 Protecting memory [0x0000e8c1ff40e000,0x0000e8c1ff412000] with protection modes 0
Event: 0.013 Protecting memory [0x0000e8c1ff20f000,0x0000e8c1ff213000] with protection modes 0
Event: 0.014 Protecting memory [0x0000e8c1ff010000,0x0000e8c1ff014000] with protection modes 0
Event: 0.014 Protecting memory [0x0000e8c1fae01000,0x0000e8c1fae05000] with protection modes 0
Event: 0.014 Protecting memory [0x0000e8c1fac02000,0x0000e8c1fac06000] with protection modes 0
Event: 0.014 Protecting memory [0x0000e8c1faa03000,0x0000e8c1faa07000] with protection modes 0
Event: 0.014 Protecting memory [0x0000e8c1fa804000,0x0000e8c1fa808000] with protection modes 0
Event: 0.016 Protecting memory [0x0000e8c1fa57c000,0x0000e8c1fa580000] with protection modes 0
Event: 0.017 Protecting memory [0x0000e8c1fa373000,0x0000e8c1fa377000] with protection modes 0

Nmethod flushes (0 events):
No events

Events (10 events):
Event: 0.009 Thread 0x0000e8c2215ac8a0 Thread added: 0x0000e8c2215ac8a0
Event: 0.013 Thread 0x0000e8c2215ac8a0 Thread added: 0x0000e8c1ffb667b0
Event: 0.013 Thread 0x0000e8c2215ac8a0 Thread added: 0x0000e8c1ffb53830
Event: 0.014 Thread 0x0000e8c2215ac8a0 Thread added: 0x0000e8c1ffb54030
Event: 0.014 Thread 0x0000e8c2215ac8a0 Thread added: 0x0000e8c1ffb55810
Event: 0.014 Thread 0x0000e8c2215ac8a0 Thread added: 0x0000e8c1ffb56010
Event: 0.014 Thread 0x0000e8c2215ac8a0 Thread added: 0x0000e8c1ffb56820
Event: 0.014 Thread 0x0000e8c2215ac8a0 Thread added: 0x0000e8c1ffb57020
Event: 0.016 Thread 0x0000e8c2215ac8a0 Thread added: 0x0000e8c1ffb5a000
Event: 0.017 Thread 0x0000e8c2215ac8a0 Thread added: 0x0000e8c1fa572010


Dynamic libraries:
706a00000-716400000 rw-p 00000000 00:00 0 
716400000-7ffe00000 ---p 00000000 00:00 0 
7ffe00000-7fff0d000 rw-p 00d00000 00:2c 4459500                          /opt/java/openjdk/lib/server/classes.jsa
7fff0d000-800000000 rw-p 00000000 00:00 0 
7000000000-7000490000 rw-p 00010000 00:2c 4459500                        /opt/java/openjdk/lib/server/classes.jsa
7000490000-7000cb0000 rw-p 004a0000 00:2c 4459500                        /opt/java/openjdk/lib/server/classes.jsa
7000cb0000-7001000000 ---p 00000000 00:00 0 
7001000000-7001010000 rw-p 00000000 00:00 0 
7001010000-7001040000 ---p 00000000 00:00 0 
7001040000-7001060000 rw-p 00000000 00:00 0 
7001060000-7041000000 ---p 00000000 00:00 0 
b8fcc55a0000-b8fcc55a1000 r-xp 00000000 00:2c 4459003                    /opt/java/openjdk/bin/java
b8fcc55b1000-b8fcc55b2000 r--p 00001000 00:2c 4459003                    /opt/java/openjdk/bin/java
b8fcc55b2000-b8fcc55b3000 rw-p 00002000 00:2c 4459003                    /opt/java/openjdk/bin/java
b8fcf5b6e000-b8fcf5b6f000 ---p 00000000 00:00 0                          [heap]
b8fcf5b6f000-b8fcf5b76000 rw-p 00000000 00:00 0                          [heap]
e8c1f9928000-e8c1f9fa7000 rw-p 00000000 00:00 0 
e8c1f9fa7000-e8c1f9fd6000 r-xp 00000000 00:2c 4458206                    /usr/lib/libgcc_s.so.1
e8c1f9fd6000-e8c1f9fd7000 r--p 0001f000 00:2c 4458206                    /usr/lib/libgcc_s.so.1
e8c1f9fd7000-e8c1f9fd8000 rw-p 00020000 00:2c 4458206                    /usr/lib/libgcc_s.so.1
e8c1f9fd8000-e8c1fa211000 r-xp 00000000 00:2c 4461650                    /tmp/nativelib1555359840490373191/libnetty_tcnative_linux_aarch_64.so
e8c1fa211000-e8c1fa224000 r--p 00229000 00:2c 4461650                    /tmp/nativelib1555359840490373191/libnetty_tcnative_linux_aarch_64.so
e8c1fa224000-e8c1fa225000 rw-p 0023c000 00:2c 4461650                    /tmp/nativelib1555359840490373191/libnetty_tcnative_linux_aarch_64.so
e8c1fa225000-e8c1fa247000 rw-p 00000000 00:00 0 
e8c1fa247000-e8c1fa271000 r-xp 00000000 00:2c 4459490                    /opt/java/openjdk/lib/libzip.so
e8c1fa271000-e8c1fa272000 r--p 0001a000 00:2c 4459490                    /opt/java/openjdk/lib/libzip.so
e8c1fa272000-e8c1fa273000 rw-p 0001b000 00:2c 4459490                    /opt/java/openjdk/lib/libzip.so
e8c1fa273000-e8c1fa330000 rw-p 00000000 00:00 0 
e8c1fa330000-e8c1fa34c000 r-xp 00000000 00:2c 4459482                    /opt/java/openjdk/lib/libnet.so
e8c1fa34c000-e8c1fa34d000 r--p 0000c000 00:2c 4459482                    /opt/java/openjdk/lib/libnet.so
e8c1fa34d000-e8c1fa34e000 rw-p 0000d000 00:2c 4459482                    /opt/java/openjdk/lib/libnet.so
e8c1fa34e000-e8c1fa371000 r-xp 00000000 00:2c 4459483                    /opt/java/openjdk/lib/libnio.so
e8c1fa371000-e8c1fa372000 r--p 00013000 00:2c 4459483                    /opt/java/openjdk/lib/libnio.so
e8c1fa372000-e8c1fa373000 rw-p 00014000 00:2c 4459483                    /opt/java/openjdk/lib/libnio.so
e8c1fa373000-e8c1fa377000 ---p 00000000 00:00 0 
e8c1fa377000-e8c1fa57c000 rw-p 00000000 00:00 0 
e8c1fa57c000-e8c1fa580000 ---p 00000000 00:00 0 
e8c1fa580000-e8c1fa804000 rw-p 00000000 00:00 0 
e8c1fa804000-e8c1fa808000 ---p 00000000 00:00 0 
e8c1fa808000-e8c1faa03000 rw-p 00000000 00:00 0 
e8c1faa03000-e8c1faa07000 ---p 00000000 00:00 0 
e8c1faa07000-e8c1fac02000 rw-p 00000000 00:00 0 
e8c1fac02000-e8c1fac06000 ---p 00000000 00:00 0 
e8c1fac06000-e8c1fae01000 rw-p 00000000 00:00 0 
e8c1fae01000-e8c1fae05000 ---p 00000000 00:00 0 
e8c1fae05000-e8c1fb0d0000 rw-p 00000000 00:00 0 
e8c1fb0d0000-e8c1fb400000 ---p 00000000 00:00 0 
e8c1fb400000-e8c1fb410000 rw-p 00000000 00:00 0 
e8c1fb410000-e8c1ff000000 ---p 00000000 00:00 0 
e8c1ff000000-e8c1ff010000 rw-p 00000000 00:00 0 
e8c1ff010000-e8c1ff014000 ---p 00000000 00:00 0 
e8c1ff014000-e8c1ff20f000 rw-p 00000000 00:00 0 
e8c1ff20f000-e8c1ff213000 ---p 00000000 00:00 0 
e8c1ff213000-e8c1ff40e000 rw-p 00000000 00:00 0 
e8c1ff40e000-e8c1ff412000 ---p 00000000 00:00 0 
e8c1ff412000-e8c1ff60d000 rw-p 00000000 00:00 0 
e8c1ff60d000-e8c1ff60e000 ---p 00000000 00:00 0 
e8c1ff60e000-e8c1ff80e000 rw-p 00000000 00:00 0 
e8c1ff80e000-e8c1ff80f000 ---p 00000000 00:00 0 
e8c1ff80f000-e8c1ffb3d000 rw-p 00000000 00:00 0 
e8c1ffb3d000-e8c1ffb83000 rw-p 00000000 00:00 0 
e8c1ffb83000-e8c1ffb84000 ---p 00000000 00:00 0 
e8c1ffb84000-e8c1ffd84000 rw-p 00000000 00:00 0 
e8c1ffd84000-e8c1ffd85000 ---p 00000000 00:00 0 
e8c1ffd85000-e8c202800000 rw-p 00000000 00:00 0 
e8c202800000-e8c202811000 rw-p 00000000 00:00 0 
e8c202811000-e8c202812000 ---p 00000000 00:00 0 
e8c202812000-e8c202a12000 rw-p 00000000 00:00 0 
e8c202a12000-e8c202a13000 ---p 00000000 00:00 0 
e8c202a13000-e8c202c13000 rw-p 00000000 00:00 0 
e8c202c13000-e8c202c14000 ---p 00000000 00:00 0 
e8c202c14000-e8c20321c000 rw-p 00000000 00:00 0 
e8c20321c000-e8c206c84000 ---p 00000000 00:00 0 
e8c206c84000-e8c206d09000 rw-p 00000000 00:00 0 
e8c206d09000-e8c207456000 ---p 00000000 00:00 0 
e8c207456000-e8c2074d4000 rw-p 00000000 00:00 0 
e8c2074d4000-e8c207c21000 ---p 00000000 00:00 0 
e8c207c21000-e8c20842f000 rw-p 00000000 00:00 0 
e8c20842f000-e8c208515000 ---p 00000000 00:00 0 
e8c208515000-e8c20851a000 rw-p 00000000 00:00 0 
e8c20851a000-e8c208600000 ---p 00000000 00:00 0 
e8c208600000-e8c208870000 rwxp 00000000 00:00 0 
e8c208870000-e8c20fb37000 ---p 00000000 00:00 0 
e8c20fb37000-e8c20fda7000 rwxp 00000000 00:00 0 
e8c20fda7000-e8c2100c9000 ---p 00000000 00:00 0 
e8c2100c9000-e8c210339000 rwxp 00000000 00:00 0 
e8c210339000-e8c217600000 ---p 00000000 00:00 0 
e8c217600000-e8c2176ba000 rw-p 00000000 00:00 0 
e8c2176ba000-e8c2176c1000 ---p 00000000 00:00 0 
e8c2176c1000-e8c2176c9000 rw-p 00000000 00:00 0 
e8c2176c9000-e8c2176fa000 r-xp 00000000 00:2c 4459468                    /opt/java/openjdk/lib/libjava.so
e8c2176fa000-e8c2176fb000 r--p 00021000 00:2c 4459468                    /opt/java/openjdk/lib/libjava.so
e8c2176fb000-e8c2176fc000 rw-p 00022000 00:2c 4459468                    /opt/java/openjdk/lib/libjava.so
e8c2176fc000-e8c217709000 rw-p 00000000 00:00 0 
e8c217709000-e8c217711000 rw-s 00000000 00:2c 4461648                    /tmp/hsperfdata_root/272
e8c217711000-e8c217720000 rw-p 00000000 00:00 0 
e8c217720000-e8c21fe97000 r--s 00000000 00:2c 4459491                    /opt/java/openjdk/lib/modules
e8c21fe97000-e8c21fea9000 rw-p 00000000 00:00 0 
e8c21fea9000-e8c21fed4000 r-xp 00000000 00:2c 4459472                    /opt/java/openjdk/lib/libjimage.so
e8c21fed4000-e8c21fed6000 r--p 0001b000 00:2c 4459472                    /opt/java/openjdk/lib/libjimage.so
e8c21fed6000-e8c21fed7000 rw-p 0001d000 00:2c 4459472                    /opt/java/openjdk/lib/libjimage.so
e8c21fed7000-e8c21fedb000 ---p 00000000 00:00 0 
e8c21fedb000-e8c2200e8000 rw-p 00000000 00:00 0 
e8c2200e8000-e8c221341000 r-xp 00000000 00:2c 4459503                    /opt/java/openjdk/lib/server/libjvm.so
e8c221341000-e8c22141f000 r--p 01249000 00:2c 4459503                    /opt/java/openjdk/lib/server/libjvm.so
e8c22141f000-e8c221451000 rw-p 01327000 00:2c 4459503                    /opt/java/openjdk/lib/server/libjvm.so
e8c221451000-e8c2214d5000 rw-p 00000000 00:00 0 
e8c2214d5000-e8c2214fc000 r-xp 00000000 00:2c 4459473                    /opt/java/openjdk/lib/libjli.so
e8c2214fc000-e8c2214fd000 r--p 00017000 00:2c 4459473                    /opt/java/openjdk/lib/libjli.so
e8c2214fd000-e8c2214fe000 rw-p 00018000 00:2c 4459473                    /opt/java/openjdk/lib/libjli.so
e8c2214fe000-e8c2215a0000 r-xp 00000000 00:2c 4456935                    /lib/ld-musl-aarch64.so.1
e8c2215a0000-e8c2215aa000 rw-p 00000000 00:00 0 
e8c2215aa000-e8c2215b7000 rw-p 00000000 00:00 0 
e8c2215b7000-e8c2215b8000 ---p 00000000 00:00 0 
e8c2215b8000-e8c2215b9000 r--p 00000000 00:00 0 
e8c2215b9000-e8c2215ba000 ---p 00000000 00:00 0 
e8c2215ba000-e8c2215bc000 r--p 00000000 00:00 0                          [vvar]
e8c2215bc000-e8c2215bd000 r-xp 00000000 00:00 0                          [vdso]
e8c2215bd000-e8c2215be000 r--p 000af000 00:2c 4456935                    /lib/ld-musl-aarch64.so.1
e8c2215be000-e8c2215bf000 rw-p 000b0000 00:2c 4456935                    /lib/ld-musl-aarch64.so.1
e8c2215bf000-e8c2215c1000 rw-p 00000000 00:00 0 
ffffc90e4000-ffffc9105000 rw-p 00000000 00:00 0                          [stack]
Total number of mappings: 122

JVMTI agents: none


VM Arguments:
java_command: AlpineNativeLoadTest A libs/netty-tcnative-boringssl-static-2.0.73.Final-linux-aarch_64.jar tcnative/2.0.73.Final/aarch64/bare
java_class_path (initial): out:libs/netty-tcnative-classes-2.0.73.Final.jar
Launcher Type: SUN_STANDARD

[Global flags]
     intx CICompilerCount                          = 4                                         {product} {ergonomic}
     uint ConcGCThreads                            = 2                                         {product} {ergonomic}
     uint G1ConcRefinementThreads                  = 8                                         {product} {ergonomic}
   size_t G1HeapRegionSize                         = 2097152                                   {product} {ergonomic}
    uintx GCDrainStackTargetSize                   = 64                                        {product} {ergonomic}
   size_t InitialHeapSize                          = 262144000                                 {product} {ergonomic}
   size_t MarkStackSize                            = 4194304                                   {product} {ergonomic}
   size_t MaxHeapSize                              = 4183818240                                {product} {ergonomic}
   size_t MaxNewSize                               = 2510290944                                {product} {ergonomic}
   size_t MinHeapDeltaBytes                        = 2097152                                   {product} {ergonomic}
   size_t MinHeapSize                              = 8388608                                   {product} {ergonomic}
    uintx NonNMethodCodeHeapSize                   = 5839564                                {pd product} {ergonomic}
    uintx NonProfiledCodeHeapSize                  = 122909338                              {pd product} {ergonomic}
    uintx ProfiledCodeHeapSize                     = 122909338                              {pd product} {ergonomic}
    uintx ReservedCodeCacheSize                    = 251658240                              {pd product} {ergonomic}
     bool SegmentedCodeCache                       = true                                      {product} {ergonomic}
   size_t SoftMaxHeapSize                          = 4183818240                             {manageable} {ergonomic}
     bool UseCompressedOops                        = true                           {product lp64_product} {ergonomic}
     bool UseG1GC                                  = true                                      {product} {ergonomic}

Logging:
Log output configuration:
 #0: stdout all=warning uptime,level,tags foldmultilines=false
 #1: stderr all=off uptime,level,tags foldmultilines=false

Release file:
<release file has not been read>
Environment Variables:
JAVA_HOME=/opt/java/openjdk
PATH=/opt/java/openjdk/bin:/usr/local/sbin:/usr/local/bin:/usr/sbin:/usr/bin:/sbin:/bin
LD_LIBRARY_PATH=/opt/java/openjdk/lib/server:/opt/java/openjdk/lib:/opt/java/openjdk/../lib
LANG=en_US.UTF-8
LC_ALL=en_US.UTF-8

Active Locale:
LC_ALL=en_US.UTF-8
LC_COLLATE=en_US.UTF-8
LC_CTYPE=en_US.UTF-8
LC_MESSAGES=en_US.UTF-8
LC_MONETARY=en_US.UTF-8
LC_NUMERIC=en_US.UTF-8
LC_TIME=en_US.UTF-8

Signal Handlers:
   SIGSEGV: crash_handler in libjvm.so, mask=11100100010111111101111111111110, flags=SA_RESTART|SA_SIGINFO, unblocked
    SIGBUS: crash_handler in libjvm.so, mask=11100100010111111101111111111110, flags=SA_RESTART|SA_SIGINFO, unblocked
    SIGFPE: crash_handler in libjvm.so, mask=11100100010111111101111111111110, flags=SA_RESTART|SA_SIGINFO, unblocked
   SIGPIPE: javaSignalHandler in libjvm.so, mask=11100100010111111101111111111110, flags=SA_RESTART|SA_SIGINFO, blocked
   SIGXFSZ: javaSignalHandler in libjvm.so, mask=11100100010111111101111111111110, flags=SA_RESTART|SA_SIGINFO, blocked
    SIGILL: crash_handler in libjvm.so, mask=11100100010111111101111111111110, flags=SA_RESTART|SA_SIGINFO, unblocked
   SIGUSR2: SR_handler in libjvm.so, mask=00000000000000000000000000000000, flags=SA_RESTART|SA_SIGINFO, blocked
    SIGHUP: UserHandler in libjvm.so, mask=11100100010111111101111111111110, flags=SA_RESTART|SA_SIGINFO, blocked
    SIGINT: UserHandler in libjvm.so, mask=11100100010111111101111111111110, flags=SA_RESTART|SA_SIGINFO, blocked
   SIGTERM: UserHandler in libjvm.so, mask=11100100010111111101111111111110, flags=SA_RESTART|SA_SIGINFO, blocked
   SIGQUIT: UserHandler in libjvm.so, mask=11100100010111111101111111111110, flags=SA_RESTART|SA_SIGINFO, blocked
   SIGTRAP: crash_handler in libjvm.so, mask=11100100010111111101111111111110, flags=SA_RESTART|SA_SIGINFO, unblocked


Periodic native trim disabled

---------------  S Y S T E M  ---------------

OS:
NAME="Alpine Linux"
ID=alpine
VERSION_ID=3.23.5
PRETTY_NAME="Alpine Linux v3.23"
HOME_URL="https://alpinelinux.org/"
BUG_REPORT_URL="https://gitlab.alpinelinux.org/alpine/aports/-/issues"
uname: Linux 6.8.0-100-generic #100-Ubuntu SMP PREEMPT_DYNAMIC Tue Jan 13 16:39:21 UTC 2026 aarch64
OS uptime: 0 days 0:09 hours
libc: musl - unknown musl - unknown 
rlimit (soft/hard): STACK 8192k/infinity , CORE infinity/infinity , NPROC infinity/infinity , NOFILE 524288/524288 , AS infinity/infinity , CPU infinity/infinity , DATA infinity/infinity , FSIZE infinity/infinity , MEMLOCK 8192k/8192k
load average: 4.50 3.31 1.38

/proc/meminfo:
MemTotal:       16341076 kB
MemFree:        12572608 kB
MemAvailable:   14851536 kB
Buffers:          127172 kB
Cached:          2310812 kB
SwapCached:            0 kB
Active:          1961964 kB
Inactive:        1534428 kB
Active(anon):    1059876 kB
Inactive(anon):        0 kB
Active(file):     902088 kB
Inactive(file):  1534428 kB
Unevictable:          36 kB
Mlocked:               0 kB
SwapTotal:             0 kB
SwapFree:              0 kB
Zswap:                 0 kB
Zswapped:              0 kB
Dirty:              8340 kB
Writeback:             0 kB
AnonPages:       1051212 kB
Mapped:           484544 kB
Shmem:              1424 kB
KReclaimable:      72876 kB
Slab:             154096 kB
SReclaimable:      72876 kB
SUnreclaim:        81220 kB
KernelStack:        8576 kB
ShadowCallStack:    2176 kB
PageTables:         9240 kB
SecPageTables:         0 kB
NFS_Unstable:          0 kB
Bounce:                0 kB
WritebackTmp:          0 kB
CommitLimit:     8170536 kB
Committed_AS:    3374784 kB
VmallocTotal:   133141626880 kB
VmallocUsed:       16784 kB
VmallocChunk:          0 kB
Percpu:             3840 kB
HardwareCorrupted:     0 kB
AnonHugePages:     67584 kB
ShmemHugePages:        0 kB
ShmemPmdMapped:        0 kB
FileHugePages:         0 kB
FilePmdMapped:         0 kB
CmaTotal:          32768 kB
CmaFree:           26624 kB
HugePages_Total:       0
HugePages_Free:        0
HugePages_Rsvd:        0
HugePages_Surp:        0
Hugepagesize:       2048 kB
Hugetlb:               0 kB

/sys/kernel/mm/transparent_hugepage/enabled: always [madvise] never
/sys/kernel/mm/transparent_hugepage/hpage_pmd_size: 2097152
/sys/kernel/mm/transparent_hugepage/defrag (defrag/compaction efforts parameter): always defer defer+madvise [madvise] never

Process Memory:
Virtual Size: 5802772K (peak: 5802772K)
Resident Set Size: 45720K (peak: 45720K) (anon: 26288K, file: 19432K, shmem: 0K)
Swapped out: 0K

/proc/sys/kernel/threads-max (system-wide limit on the number of threads): 127312
/proc/sys/vm/max_map_count (maximum number of memory map areas a process may have): 1048576
/proc/sys/vm/swappiness (control to define how aggressively the kernel swaps out anonymous memory): 60
/proc/sys/kernel/pid_max (system-wide limit on number of process identifiers): 4194304

container (cgroup) information:
container_type: cgroupv2
cpu_cpuset_cpus: 
cpu_memory_nodes: 
active_processor_count: 8
cpu_quota: no quota
cpu_period: 100000
cpu_shares: no shares
memory_limit_in_bytes: unlimited
memory_and_swap_limit_in_bytes: unlimited
memory_soft_limit_in_bytes: 0
memory_usage_in_bytes: 40788 k
memory_max_usage_in_bytes: not supported
rss_usage_in_bytes: 26544 k
cache_usage_in_bytes: 12484 k
memory_swap_current_in_bytes: 0
memory_swap_max_limit_in_bytes: unlimited
maximum number of tasks: unlimited
current number of tasks: 19

Steal ticks since vm start: 0
Steal ticks percentage since vm start:  0.000

CPU: total 8 (initial active 8) 0x61:0x0:0x000:0, fp, asimd, evtstrm, aes, pmull, sha1, sha256, crc32, lse, dcpop, sha3, sha512, paca
/proc/cpuinfo:
processor	: 0
BogoMIPS	: 48.00
Features	: fp asimd evtstrm aes pmull sha1 sha2 crc32 atomics fphp asimdhp cpuid asimdrdm jscvt fcma lrcpc dcpop sha3 asimddp sha512 asimdfhm dit uscat ilrcpc flagm sb paca pacg dcpodp flagm2 frint
CPU implementer	: 0x61
CPU architecture: 8
CPU variant	: 0x0
CPU part	: 0x000
CPU revision	: 0

processor	: 1
BogoMIPS	: 48.00
Features	: fp asimd evtstrm aes pmull sha1 sha2 crc32 atomics fphp asimdhp cpuid asimdrdm jscvt fcma lrcpc dcpop sha3 asimddp sha512 asimdfhm dit uscat ilrcpc flagm sb paca pacg dcpodp flagm2 frint
CPU implementer	: 0x61
CPU architecture: 8
CPU variant	: 0x0
CPU part	: 0x000
CPU revision	: 0

processor	: 2
BogoMIPS	: 48.00
Features	: fp asimd evtstrm aes pmull sha1 sha2 crc32 atomics fphp asimdhp cpuid asimdrdm jscvt fcma lrcpc dcpop sha3 asimddp sha512 asimdfhm dit uscat ilrcpc flagm sb paca pacg dcpodp flagm2 frint
CPU implementer	: 0x61
CPU architecture: 8
CPU variant	: 0x0
CPU part	: 0x000
CPU revision	: 0

processor	: 3
BogoMIPS	: 48.00
Features	: fp asimd evtstrm aes pmull sha1 sha2 crc32 atomics fphp asimdhp cpuid asimdrdm jscvt fcma lrcpc dcpop sha3 asimddp sha512 asimdfhm dit uscat ilrcpc flagm sb paca pacg dcpodp flagm2 frint
CPU implementer	: 0x61
CPU architecture: 8
CPU variant	: 0x0
CPU part	: 0x000
CPU revision	: 0

processor	: 4
BogoMIPS	: 48.00
Features	: fp asimd evtstrm aes pmull sha1 sha2 crc32 atomics fphp asimdhp cpuid asimdrdm jscvt fcma lrcpc dcpop sha3 asimddp sha512 asimdfhm dit uscat ilrcpc flagm sb paca pacg dcpodp flagm2 frint
CPU implementer	: 0x61
CPU architecture: 8
CPU variant	: 0x0
CPU part	: 0x000
CPU revision	: 0

processor	: 5
BogoMIPS	: 48.00
Features	: fp asimd evtstrm aes pmull sha1 sha2 crc32 atomics fphp asimdhp cpuid asimdrdm jscvt fcma lrcpc dcpop sha3 asimddp sha512 asimdfhm dit uscat ilrcpc flagm sb paca pacg dcpodp flagm2 frint
CPU implementer	: 0x61
CPU architecture: 8
CPU variant	: 0x0
CPU part	: 0x000
CPU revision	: 0

processor	: 6
BogoMIPS	: 48.00
Features	: fp asimd evtstrm aes pmull sha1 sha2 crc32 atomics fphp asimdhp cpuid asimdrdm jscvt fcma lrcpc dcpop sha3 asimddp sha512 asimdfhm dit uscat ilrcpc flagm sb paca pacg dcpodp flagm2 frint
CPU implementer	: 0x61
CPU architecture: 8
CPU variant	: 0x0
CPU part	: 0x000
CPU revision	: 0

processor	: 7
BogoMIPS	: 48.00
Features	: fp asimd evtstrm aes pmull sha1 sha2 crc32 atomics fphp asimdhp cpuid asimdrdm jscvt fcma lrcpc dcpop sha3 asimddp sha512 asimdfhm dit uscat ilrcpc flagm sb paca pacg dcpodp flagm2 frint
CPU implementer	: 0x61
CPU architecture: 8
CPU variant	: 0x0
CPU part	: 0x000
CPU revision	: 0


Online cpus: 0-7
Offline cpus: 

Memory: 4k page, physical 16341076k(14851536k free), swap 0k(0k free)
Page Sizes: 4k

vm_info: OpenJDK 64-Bit Server VM (21.0.11+10-LTS) for linux-aarch64-musl JRE (21.0.11+10-LTS), built on 2026-04-21T00:00:00Z by "admin" with gcc 10.3.1 20211027

END.
